// Jest Snapshot v1, https://goo.gl/fbAQLP

exports[`test Button component should match snapshot 1`] = `
<button
  className="test"
  type="button"
/>
`;
